// Jest Snapshot v1, https://goo.gl/fbAQLP

exports[`custom vector upload component renders the empty prompt if geospatial plugin is not installed 1`] = `
<div>
  <div
    className="euiEmptyPrompt"
    testId="empty-prompt-id"
  >
    <div>
      EuiIconMock
    </div>
    <div
      className="euiSpacer euiSpacer--m"
    />
    <h2
      className="euiTitle euiTitle--medium"
    >
      Missing geospatial plugin
    </h2>
    <span
      className="euiTextColor euiTextColor--subdued"
    >
      <div
        className="euiSpacer euiSpacer--m"
      />
      <div
        className="euiText euiText--medium"
      >
        <p>
          Install the geospatial plugin in order to upload custom vector maps.
        </p>
      </div>
    </span>
    <div
      className="euiSpacer euiSpacer--l"
    />
    <a
      className="euiButton euiButton--primary euiButton--fill"
      disabled={false}
      href="https://opensearch.org/docs/latest/"
      rel="noreferrer"
      style={
        Object {
          "minWidth": undefined,
        }
      }
    >
      <span
        className="euiButtonContent euiButton__content"
      >
        <span
          className="euiButton__text"
        >
          Learn more
        </span>
      </span>
    </a>
  </div>
</div>
`;

exports[`custom vector upload component renders the upload customer div if geospatial plugin is installed 1`] = `
<div>
  <div
    id="uploadCustomVectorMap"
  >
    <div
      aria-label="import-vector-map-card"
      className="euiPanel euiPanel--paddingMedium euiPanel--borderRadiusMedium euiPanel--plain euiPanel--hasShadow euiCard euiCard--leftAligned"
    >
      <div
        className="euiCard__content"
      >
        <span
          className="euiTitle euiTitle--small euiCard__title"
          id="generated-idTitle"
        >
          
        </span>
        
        <div
          className="euiCard__children"
        >
          <div
            aria-label="medium-spacer"
            className="euiSpacer euiSpacer--s"
          />
          <div
            aria-label="upload-map-text"
            className="euiText euiText--small"
          >
            Upload map
          </div>
          <div
            aria-label="medium-spacer"
            className="euiSpacer euiSpacer--m"
          />
          <div
            aria-label="form-row-for-file-picker"
            className="euiFormRow"
            id="generated-id-row"
          >
            <div
              className="euiFormRow__fieldWrapper"
            >
              <div
                className="euiFilePicker euiFilePicker--large"
              >
                <div
                  className="euiFilePicker__wrap"
                >
                  <input
                    accept=".json,.geojson"
                    aria-describedby="generated-id-filePicker__prompt"
                    aria-label="geojson-file-picker"
                    className="euiFilePicker__input"
                    data-test-subj="filePicker"
                    data-testid="filePicker"
                    id="generated-id"
                    onBlur={[Function]}
                    onChange={[Function]}
                    onDragLeave={[Function]}
                    onDragOver={[Function]}
                    onDrop={[Function]}
                    onFocus={[Function]}
                    required={true}
                    type="file"
                  />
                  <div
                    className="euiFilePicker__prompt"
                    id="generated-id-filePicker__prompt"
                  >
                    <div>
                      EuiIconMock
                    </div>
                    <div
                      className="euiFilePicker__promptText"
                    >
                      Select or drag and drop a json file
                    </div>
                  </div>
                </div>
              </div>
            </div>
          </div>
          <div
            aria-label="medium-spacer"
            className="euiSpacer euiSpacer--m"
          />
          <div
            aria-label="geojson-file-format-text"
            className="euiText euiText--extraSmall"
          >
            <div
              className="euiTextColor euiTextColor--subdued"
            >
              <p>
                <span
                  className="formattedSpan"
                >
                  Formats accepted: .json, .geojson
                </span>
                <span
                  className="formattedSpan"
                >
                  Max size: 25 MB
                </span>
                <span
                  className="formattedSpan"
                >
                  Coordinates must be in EPSG:4326 coordinate reference system.
                </span>
              </p>
            </div>
          </div>
          <div
            aria-label="medium-spacer"
            className="euiSpacer euiSpacer--m"
          />
          <div
            aria-label="map-name-prefix-text"
            className="euiText euiText--small"
          >
            Map name prefix
          </div>
          <div
            aria-label="medium-spacer"
            className="euiSpacer euiSpacer--m"
          />
          <div
            className="euiFormControlLayout"
          >
            <div
              className="euiFormControlLayout__childrenWrapper"
            >
              <input
                aria-label="map-name-text-field"
                className="euiFieldText"
                data-test-subj="customIndex"
                data-testid="customIndex"
                id="customIndex"
                label="Map name"
                name="customIndex"
                onBlur={[Function]}
                onChange={[Function]}
                placeholder="Enter a valid map name prefix"
                required={true}
                tabIndex="0"
                type="text"
                value=""
              />
            </div>
          </div>
          <div
            aria-label="medium-spacer"
            className="euiSpacer euiSpacer--m"
          />
          <div
            aria-label="map-name-guidelines-text"
            className="euiText euiText--extraSmall"
          >
            <div
              className="euiTextColor euiTextColor--subdued"
            >
              Map name guidleines:
              <ul>
                <li>
                   Map name prefix must contain 1-250 characters. 
                </li>
                <li>
                   Map name prefix must start with a-z.
                </li>
                <li>
                   Valid characters are a-z, 0-9, - and _ .
                </li>
                <li>
                  The final map name will be the entered prefix here followed by -map as the suffix.
                </li>
              </ul>
            </div>
          </div>
          <div
            aria-label="map-name-error-text"
            className="euiText euiText--extraSmall"
          >
            <span
              aria-label="map-name-error-text-color"
              className="euiTextColor euiTextColor--danger"
            >
              <p
                name="errorIndexName"
              />
            </span>
          </div>
          <div
            aria-label="medium-spacer"
            className="euiSpacer euiSpacer--m"
          />
          <div
            className="importFileButton"
          >
            <button
              aria-label="import-file-button"
              className="euiButton euiButton--primary euiButton--fill"
              disabled={false}
              id="submitButton"
              onClick={[Function]}
              style={
                Object {
                  "minWidth": undefined,
                }
              }
              type="submit"
            >
              <span
                className="euiButtonContent euiButton__content"
              >
                <span
                  className="euiButton__text"
                >
                  Import file
                </span>
              </span>
            </button>
          </div>
        </div>
      </div>
    </div>
  </div>
</div>
`;
