// Jest Snapshot v1, https://goo.gl/fbAQLP

exports[`empty_prompt renders the Empty Prompt based on props provided 1`] = `
<EuiEmptyPrompt
  actions=""
  body={
    <React.Fragment>
      <p>
        test
      </p>
    </React.Fragment>
  }
  iconType="test"
  title={
    <h2>
      test
    </h2>
  }
/>
`;
