// Jest Snapshot v1, https://goo.gl/fbAQLP

exports[`vector_upload_options renders the VectorUploadOptions based on props provided 1`] = `
Object {
  "asFragment": [Function],
  "baseElement": <body>
    <div>
      <div
        id="uploadCustomVectorMap"
      >
        <div
          aria-label="import-vector-map-card"
          class="euiPanel euiPanel--paddingMedium euiPanel--borderRadiusMedium euiPanel--plain euiPanel--hasShadow euiCard euiCard--leftAligned"
        >
          <div
            class="euiCard__content"
          >
            <span
              class="euiTitle euiTitle--small euiCard__title"
              id="generated-idTitle"
            />
            
            <div
              class="euiCard__children"
            >
              <div
                aria-label="medium-spacer"
                class="euiSpacer euiSpacer--s"
              />
              <div
                aria-label="upload-map-text"
                class="euiText euiText--small"
              >
                Upload map
              </div>
              <div
                aria-label="medium-spacer"
                class="euiSpacer euiSpacer--m"
              />
              <div
                aria-label="form-row-for-file-picker"
                class="euiFormRow euiFormRow--compressed"
                id="generated-id-row"
              >
                <div
                  class="euiFormRow__fieldWrapper"
                >
                  <div
                    class="euiFilePicker euiFilePicker--large euiFilePicker--compressed"
                  >
                    <div
                      class="euiFilePicker__wrap"
                    >
                      <input
                        accept=".json,.geojson"
                        aria-describedby="generated-id-filePicker__prompt"
                        aria-label="geojson-file-picker"
                        class="euiFilePicker__input"
                        data-test-subj="filePicker"
                        data-testid="filePicker"
                        id="generated-id"
                        required=""
                        type="file"
                      />
                      <div
                        class="euiFilePicker__prompt"
                        id="generated-id-filePicker__prompt"
                      >
                        <svg
                          aria-hidden="true"
                          class="euiIcon euiIcon--large euiIcon-isLoading euiFilePicker__icon"
                          focusable="false"
                          height="16"
                          role="img"
                          viewBox="0 0 16 16"
                          width="16"
                          xmlns="http://www.w3.org/2000/svg"
                        >
                          <path
                            d="M5.277 10.088c.02.014.04.03.057.047.582.55 1.134.812 1.666.812.586 0 1.84-.293 3.713-.88L9 6.212V2H7v4.212l-1.723 3.876Zm-.438.987L3.539 14h8.922l-1.32-2.969C9.096 11.677 7.733 12 7 12c-.74 0-1.463-.315-2.161-.925ZM6 2H5V1h6v1h-1v4l3.375 7.594A1 1 0 0 1 12.461 15H3.54a1 1 0 0 1-.914-1.406L6 6V2Z"
                          />
                        </svg>
                        <div
                          class="euiFilePicker__promptText"
                        >
                          Select or drag and drop a json file
                        </div>
                      </div>
                    </div>
                  </div>
                </div>
              </div>
              <div
                aria-label="medium-spacer"
                class="euiSpacer euiSpacer--m"
              />
              <div
                aria-label="geojson-file-format-text"
                class="euiText euiText--extraSmall"
              >
                <div
                  class="euiTextColor euiTextColor--subdued"
                >
                  <p>
                    <span
                      class="formattedSpan"
                    >
                      Formats accepted: .json, .geojson
                    </span>
                    <span
                      class="formattedSpan"
                    >
                      Max size: 25 MB
                    </span>
                    <span
                      class="formattedSpan"
                    >
                      Coordinates must be in EPSG:4326 coordinate reference system.
                    </span>
                  </p>
                </div>
              </div>
              <div
                aria-label="medium-spacer"
                class="euiSpacer euiSpacer--m"
              />
              <div
                aria-label="map-name-prefix-text"
                class="euiText euiText--small"
              >
                Map name prefix
              </div>
              <div
                aria-label="medium-spacer"
                class="euiSpacer euiSpacer--m"
              />
              <div
                class="euiFormControlLayout euiFormControlLayout--compressed"
              >
                <div
                  class="euiFormControlLayout__childrenWrapper"
                >
                  <input
                    aria-label="map-name-text-field"
                    class="euiFieldText euiFieldText--compressed"
                    data-test-subj="customIndex"
                    data-testid="customIndex"
                    id="customIndex"
                    label="Map name"
                    name="customIndex"
                    placeholder="Enter a valid map name prefix"
                    required=""
                    tabindex="0"
                    type="text"
                    value=""
                  />
                </div>
              </div>
              <div
                aria-label="medium-spacer"
                class="euiSpacer euiSpacer--m"
              />
              <div
                aria-label="map-name-guidelines-text"
                class="euiText euiText--extraSmall"
              >
                <div
                  class="euiTextColor euiTextColor--subdued"
                >
                  Map name guidleines:
                  <ul>
                    <li>
                       Map name prefix must contain 1-250 characters.
                    </li>
                    <li>
                       Map name prefix must start with a-z.
                    </li>
                    <li>
                       Valid characters are a-z, 0-9, - and _ .
                    </li>
                    <li>
                      The final map name will be the entered prefix here followed by -map as the suffix.
                    </li>
                  </ul>
                </div>
              </div>
              <div
                aria-label="map-name-error-text"
                class="euiText euiText--extraSmall"
              >
                <span
                  aria-label="map-name-error-text-color"
                  class="euiTextColor euiTextColor--danger"
                >
                  <p
                    name="errorIndexName"
                  />
                </span>
              </div>
              <div
                aria-label="medium-spacer"
                class="euiSpacer euiSpacer--m"
              />
              <div
                class="importFileButton"
              >
                <button
                  aria-label="import-file-button"
                  class="euiButton euiButton--primary euiButton--small"
                  id="submitButton"
                  type="button"
                >
                  <span
                    class="euiButtonContent euiButton__content"
                  >
                    <span
                      class="euiButton__text"
                    >
                      Import file
                    </span>
                  </span>
                </button>
              </div>
            </div>
          </div>
        </div>
      </div>
    </div>
  </body>,
  "container": <div>
    <div
      id="uploadCustomVectorMap"
    >
      <div
        aria-label="import-vector-map-card"
        class="euiPanel euiPanel--paddingMedium euiPanel--borderRadiusMedium euiPanel--plain euiPanel--hasShadow euiCard euiCard--leftAligned"
      >
        <div
          class="euiCard__content"
        >
          <span
            class="euiTitle euiTitle--small euiCard__title"
            id="generated-idTitle"
          />
          
          <div
            class="euiCard__children"
          >
            <div
              aria-label="medium-spacer"
              class="euiSpacer euiSpacer--s"
            />
            <div
              aria-label="upload-map-text"
              class="euiText euiText--small"
            >
              Upload map
            </div>
            <div
              aria-label="medium-spacer"
              class="euiSpacer euiSpacer--m"
            />
            <div
              aria-label="form-row-for-file-picker"
              class="euiFormRow euiFormRow--compressed"
              id="generated-id-row"
            >
              <div
                class="euiFormRow__fieldWrapper"
              >
                <div
                  class="euiFilePicker euiFilePicker--large euiFilePicker--compressed"
                >
                  <div
                    class="euiFilePicker__wrap"
                  >
                    <input
                      accept=".json,.geojson"
                      aria-describedby="generated-id-filePicker__prompt"
                      aria-label="geojson-file-picker"
                      class="euiFilePicker__input"
                      data-test-subj="filePicker"
                      data-testid="filePicker"
                      id="generated-id"
                      required=""
                      type="file"
                    />
                    <div
                      class="euiFilePicker__prompt"
                      id="generated-id-filePicker__prompt"
                    >
                      <svg
                        aria-hidden="true"
                        class="euiIcon euiIcon--large euiIcon-isLoading euiFilePicker__icon"
                        focusable="false"
                        height="16"
                        role="img"
                        viewBox="0 0 16 16"
                        width="16"
                        xmlns="http://www.w3.org/2000/svg"
                      >
                        <path
                          d="M5.277 10.088c.02.014.04.03.057.047.582.55 1.134.812 1.666.812.586 0 1.84-.293 3.713-.88L9 6.212V2H7v4.212l-1.723 3.876Zm-.438.987L3.539 14h8.922l-1.32-2.969C9.096 11.677 7.733 12 7 12c-.74 0-1.463-.315-2.161-.925ZM6 2H5V1h6v1h-1v4l3.375 7.594A1 1 0 0 1 12.461 15H3.54a1 1 0 0 1-.914-1.406L6 6V2Z"
                        />
                      </svg>
                      <div
                        class="euiFilePicker__promptText"
                      >
                        Select or drag and drop a json file
                      </div>
                    </div>
                  </div>
                </div>
              </div>
            </div>
            <div
              aria-label="medium-spacer"
              class="euiSpacer euiSpacer--m"
            />
            <div
              aria-label="geojson-file-format-text"
              class="euiText euiText--extraSmall"
            >
              <div
                class="euiTextColor euiTextColor--subdued"
              >
                <p>
                  <span
                    class="formattedSpan"
                  >
                    Formats accepted: .json, .geojson
                  </span>
                  <span
                    class="formattedSpan"
                  >
                    Max size: 25 MB
                  </span>
                  <span
                    class="formattedSpan"
                  >
                    Coordinates must be in EPSG:4326 coordinate reference system.
                  </span>
                </p>
              </div>
            </div>
            <div
              aria-label="medium-spacer"
              class="euiSpacer euiSpacer--m"
            />
            <div
              aria-label="map-name-prefix-text"
              class="euiText euiText--small"
            >
              Map name prefix
            </div>
            <div
              aria-label="medium-spacer"
              class="euiSpacer euiSpacer--m"
            />
            <div
              class="euiFormControlLayout euiFormControlLayout--compressed"
            >
              <div
                class="euiFormControlLayout__childrenWrapper"
              >
                <input
                  aria-label="map-name-text-field"
                  class="euiFieldText euiFieldText--compressed"
                  data-test-subj="customIndex"
                  data-testid="customIndex"
                  id="customIndex"
                  label="Map name"
                  name="customIndex"
                  placeholder="Enter a valid map name prefix"
                  required=""
                  tabindex="0"
                  type="text"
                  value=""
                />
              </div>
            </div>
            <div
              aria-label="medium-spacer"
              class="euiSpacer euiSpacer--m"
            />
            <div
              aria-label="map-name-guidelines-text"
              class="euiText euiText--extraSmall"
            >
              <div
                class="euiTextColor euiTextColor--subdued"
              >
                Map name guidleines:
                <ul>
                  <li>
                     Map name prefix must contain 1-250 characters.
                  </li>
                  <li>
                     Map name prefix must start with a-z.
                  </li>
                  <li>
                     Valid characters are a-z, 0-9, - and _ .
                  </li>
                  <li>
                    The final map name will be the entered prefix here followed by -map as the suffix.
                  </li>
                </ul>
              </div>
            </div>
            <div
              aria-label="map-name-error-text"
              class="euiText euiText--extraSmall"
            >
              <span
                aria-label="map-name-error-text-color"
                class="euiTextColor euiTextColor--danger"
              >
                <p
                  name="errorIndexName"
                />
              </span>
            </div>
            <div
              aria-label="medium-spacer"
              class="euiSpacer euiSpacer--m"
            />
            <div
              class="importFileButton"
            >
              <button
                aria-label="import-file-button"
                class="euiButton euiButton--primary euiButton--small"
                id="submitButton"
                type="button"
              >
                <span
                  class="euiButtonContent euiButton__content"
                >
                  <span
                    class="euiButton__text"
                  >
                    Import file
                  </span>
                </span>
              </button>
            </div>
          </div>
        </div>
      </div>
    </div>
  </div>,
  "debug": [Function],
  "findAllByAltText": [Function],
  "findAllByDisplayValue": [Function],
  "findAllByLabelText": [Function],
  "findAllByPlaceholderText": [Function],
  "findAllByRole": [Function],
  "findAllByTestId": [Function],
  "findAllByText": [Function],
  "findAllByTitle": [Function],
  "findByAltText": [Function],
  "findByDisplayValue": [Function],
  "findByLabelText": [Function],
  "findByPlaceholderText": [Function],
  "findByRole": [Function],
  "findByTestId": [Function],
  "findByText": [Function],
  "findByTitle": [Function],
  "getAllByAltText": [Function],
  "getAllByDisplayValue": [Function],
  "getAllByLabelText": [Function],
  "getAllByPlaceholderText": [Function],
  "getAllByRole": [Function],
  "getAllByTestId": [Function],
  "getAllByText": [Function],
  "getAllByTitle": [Function],
  "getByAltText": [Function],
  "getByDisplayValue": [Function],
  "getByLabelText": [Function],
  "getByPlaceholderText": [Function],
  "getByRole": [Function],
  "getByTestId": [Function],
  "getByText": [Function],
  "getByTitle": [Function],
  "queryAllByAltText": [Function],
  "queryAllByDisplayValue": [Function],
  "queryAllByLabelText": [Function],
  "queryAllByPlaceholderText": [Function],
  "queryAllByRole": [Function],
  "queryAllByTestId": [Function],
  "queryAllByText": [Function],
  "queryAllByTitle": [Function],
  "queryByAltText": [Function],
  "queryByDisplayValue": [Function],
  "queryByLabelText": [Function],
  "queryByPlaceholderText": [Function],
  "queryByRole": [Function],
  "queryByTestId": [Function],
  "queryByText": [Function],
  "queryByTitle": [Function],
  "rerender": [Function],
  "unmount": [Function],
}
`;
