// Jest Snapshot v1, https://goo.gl/fbAQLP

exports[`renders spatial filter before drawing 1`] = `
<EuiFlexGroup
  alignItems="center"
  direction="column"
  gutterSize="none"
  responsive={false}
>
  <EuiFlexItem>
    <FilterByShape
      defaultLabel="rectangle"
      iconType="vector"
      setDrawFilterProperties={[MockFunction]}
      shapeLabel="Draw Rectangle"
      shapeMode="rectangle"
    />
  </EuiFlexItem>
  <EuiFlexItem>
    <FilterByShape
      defaultLabel="polygon"
      iconType={Object {}}
      setDrawFilterProperties={[MockFunction]}
      shapeLabel="Draw Polygon"
      shapeMode="polygon"
    />
  </EuiFlexItem>
</EuiFlexGroup>
`;

exports[`renders spatial filter while drawing 1`] = `
<EuiFlexGroup
  alignItems="center"
  direction="column"
  gutterSize="none"
  responsive={false}
>
  <EuiFlexItem>
    <FilterByShape
      defaultLabel="rectangle"
      iconType="vector"
      setDrawFilterProperties={[MockFunction]}
      shapeLabel="Draw Rectangle"
      shapeMode="rectangle"
    />
  </EuiFlexItem>
  <EuiFlexItem>
    <FilterByShape
      defaultLabel="polygon"
      iconType={Object {}}
      setDrawFilterProperties={[MockFunction]}
      shapeLabel="Draw Polygon"
      shapeMode="polygon"
    />
  </EuiFlexItem>
</EuiFlexGroup>
`;
